Original data:
         date                                     description  ...  deposit  balance
0  2025-05-13                DEBIT CARD PURCHASE - Torres PLC  ...     0.00  3856.13
1  2025-05-14                 MORTGAGE PAYMENT - Melendez LLC  ...     0.00  2538.20
2  2025-05-14  MORTGAGE PAYMENT - Morrow, Rivera and Martinez  ...     0.00  2402.39
3  2025-05-17                                SUBSCRIPTION FEE  ...     0.00   707.91
4  2025-05-18                                   LOAN PROCEEDS  ...  3865.72  4573.63

[5 rows x 5 columns]
Original columns: ['date', 'description', 'withdrawal', 'deposit', 'balance']
Original dtypes:
date            object
description     object
withdrawal     float64
deposit        float64
balance        float64
dtype: object

=== PROCESSING RESULTS ===
Operations performed: ['column_name_standardization', 'date_standardization_date', 'amount_standardization_withdrawal', 'amount_standardization_deposit', 'amount_standardization_balance']

Cleaned data:
        date                                     description  ...  deposit  balance
0 2025-05-13                DEBIT CARD PURCHASE - Torres PLC  ...     0.00  3856.13
1 2025-05-14                 MORTGAGE PAYMENT - Melendez LLC  ...     0.00  2538.20
2 2025-05-14  MORTGAGE PAYMENT - Morrow, Rivera and Martinez  ...     0.00  2402.39
3 2025-05-17                                SUBSCRIPTION FEE  ...     0.00   707.91
4 2025-05-18                                   LOAN PROCEEDS  ...  3865.72  4573.63

[5 rows x 5 columns]
Cleaned columns: ['date', 'description', 'withdrawal', 'deposit', 'balance']
Cleaned dtypes:
date           datetime64[ns]
description            object
withdrawal            float64
deposit               float64
balance               float64
dtype: object

Column analysis:
  date: <class 'pandas._libs.tslibs.timestamps.Timestamp'> = 2025-05-13 00:00:00
  description: <class 'str'> = DEBIT CARD PURCHASE - Torres PLC
  withdrawal: <class 'numpy.float64'> = 1143.87
  deposit: <class 'numpy.float64'> = 0.0
  balance: <class 'numpy.float64'> = 3856.13

[SUCCESS] Data processing test completed!
